time="2026-10-05T05:53:44+06:00" level=info msg="Using the existing instance `s9-v10`"
time="2026-10-05T05:53:44+06:00" level=info msg="Starting the instance `s9-v10` with internal VM driver `vz`"
time="2026-10-05T05:53:44+06:00" level=info msg="Attempting to download the image" arch=aarch64 digest="sha256:1d6bffe64b848468ac97f821d369a4846d983de1800ccf6b5ec8853e85cefc55" location="https://cloud-images.ubuntu.com/releases/noble/release/ubuntu-24.04-server-cloudimg-arm64.img"
Downloading the image (ubuntu-24.04-server-cloudimg-arm64.img)
time="2026-10-05T05:55:12+06:00" level=info msg="Converting qcow2 image to raw sparse format in cache: \"/Users/kazibadrul/Library/Caches/lima/download/by-url-sha256/da75db8245f5837ce7e1f5200cd4645a4a4e88ede4357fd3e11206ebc01ba0d4/imgconv/raw\""
time="2026-10-05T05:55:12+06:00" level=info msg="Converting `/Users/kazibadrul/Library/Caches/lima/download/by-url-sha256/da75db8245f5837ce7e1f5200cd4645a4a4e88ede4357fd3e11206ebc01ba0d4/data` (qcow2) to a raw disk `/Users/kazibadrul/Library/Caches/lima/download/by-url-sha256/da75db8245f5837ce7e1f5200cd4645a4a4e88ede4357fd3e11206ebc01ba0d4/imgconv/raw.tmp`"
time="2026-10-05T05:55:17+06:00" level=info msg="Downloaded the image from `https://cloud-images.ubuntu.com/releases/noble/release/ubuntu-24.04-server-cloudimg-arm64.img`"
time="2026-10-05T05:55:17+06:00" level=info msg="Resize instance s9-v10's disk from 3.5GiB to 50GiB"
time="2026-10-05T05:55:17+06:00" level=info msg="[hostagent] TCP (except for SSH) and UDP port forwarding is disabled"
time="2026-10-05T05:55:17+06:00" level=info msg="[hostagent] hostagent socket created at /private/tmp/s9-v10-lima/s9-v10/ha.sock"
time="2026-10-05T05:55:17+06:00" level=info msg="[hostagent] Starting VZ (hint: to watch the boot progress, see `/private/tmp/s9-v10-lima/s9-v10/serial*.log`)"
time="2026-10-05T05:55:17+06:00" level=info msg="[hostagent] [VZ] - vm state change: running"
time="2026-10-05T05:55:24+06:00" level=info msg="[hostagent] SSH server does not seem to be running on vsock port, using usernet forwarder"
time="2026-10-05T05:55:24+06:00" level=info msg="SSH Local Port: 59775"
time="2026-10-05T05:55:24+06:00" level=info msg="[hostagent] Waiting for the essential requirement 1 of 3: `ssh`"
time="2026-10-05T05:55:25+06:00" level=info msg="[hostagent] The essential requirement 1 of 3 is satisfied"
time="2026-10-05T05:55:25+06:00" level=info msg="[hostagent] Waiting for the essential requirement 2 of 3: `user session is ready for ssh`"
time="2026-10-05T05:55:28+06:00" level=info msg="[hostagent] The essential requirement 2 of 3 is satisfied"
time="2026-10-05T05:55:28+06:00" level=info msg="[hostagent] Waiting for the essential requirement 3 of 3: `Explicitly start ssh ControlMaster`"
time="2026-10-05T05:55:28+06:00" level=info msg="[hostagent] The essential requirement 3 of 3 is satisfied"
time="2026-10-05T05:55:28+06:00" level=info msg="[hostagent] Waiting for the guest agent to be running"
time="2026-10-05T05:55:28+06:00" level=info msg="[hostagent] Guest agent is running"
time="2026-10-05T05:55:28+06:00" level=info msg="[hostagent] Time sync: guest agent is alive, starting time synchronization"
time="2026-10-05T05:55:28+06:00" level=info msg="[hostagent] Waiting for the final requirement 1 of 1: `boot scripts must have finished`"
time="2026-10-05T05:55:28+06:00" level=info msg="[hostagent] The final requirement 1 of 1 is satisfied"
time="2026-10-05T05:55:28+06:00" level=info msg="READY. Run `limactl shell s9-v10` to open the shell."
